gthr-default.h:229:1:int __gthread_key_delete(__gthread_key_t)	16	static
pcGL.cpp:10:6:void spiwrite(uint8_t)	24	static
pcGL.cpp:20:6:void writecommand(uint8_t)	16	static
pcGL.cpp:26:6:void writedata(uint8_t)	16	static
pcGL.cpp:32:6:void writeword(uint16_t)	24	static
pcGL.cpp:42:6:void write888(uint32_t, uint32_t)	24	static
pcGL.cpp:57:6:void setAddrWindow(uint16_t, uint16_t, uint16_t, uint16_t)	24	static
pcGL.cpp:67:6:void fillrect(int16_t, int16_t, int16_t, int16_t, uint32_t)	32	static
pcGL.cpp:80:6:void lcddelay(int)	24	static
pcGL.cpp:88:6:void lcd_init()	16	static
pcGL.cpp:124:6:void drawPixel(int16_t, int16_t, uint32_t)	16	static
pcGL.cpp:134:6:void drawLine(int16_t, int16_t, int16_t, int16_t, uint32_t)	40	static
pcGL.cpp:182:9:int16_t v2px(float)	24	static
pcGL.cpp:187:9:int16_t v2py(float)	24	static
pcGL.cpp:192:6:void drawLine(float, float, float, float, uint32_t)	48	static
pcGL.cpp:195:1:void __static_initialization_and_destruction_0(int, int)	16	static
pcGL.cpp:195:1:cpp)	8	static
