gthr-default.h:229:1:int __gthread_key_delete(__gthread_key_t)	16	static
pcGL.cpp:7:6:void spiwrite(uint8_t)	24	static
pcGL.cpp:17:6:void writecommand(uint8_t)	16	static
pcGL.cpp:23:6:void writedata(uint8_t)	16	static
pcGL.cpp:29:6:void writeword(uint16_t)	24	static
pcGL.cpp:39:6:void write888(uint32_t, uint32_t)	24	static
pcGL.cpp:54:6:void setAddrWindow(uint16_t, uint16_t, uint16_t, uint16_t)	24	static
pcGL.cpp:64:6:void fillrect(int16_t, int16_t, int16_t, int16_t, uint32_t)	32	static
pcGL.cpp:77:6:void lcddelay(int)	24	static
pcGL.cpp:85:6:void lcd_init()	16	static
pcGL.cpp:121:6:void drawPixel(int16_t, int16_t, uint32_t)	16	static
pcGL.cpp:131:6:void drawLine(int16_t, int16_t, int16_t, int16_t, uint32_t)	40	static
pcGL.cpp:179:9:int16_t v2px(float)	24	static
pcGL.cpp:184:9:int16_t v2py(float)	24	static
pcGL.cpp:189:6:void drawLine(float, float, float, float, uint32_t)	48	static
pcGL.cpp:192:1:void __static_initialization_and_destruction_0(int, int)	16	static
pcGL.cpp:192:1:cpp)	8	static
